Gateway service missing.
Start with: openclaw gateway install
Start with: openclaw gateway
Start with: schtasks /Run /TN "OpenClaw Gateway"
Gateway service missing.
Start with: openclaw gateway install
Start with: openclaw gateway
Start with: schtasks /Run /TN "OpenClaw Gateway"
Gateway service missing.
Start with: openclaw gateway install
Start with: openclaw gateway
Start with: schtasks /Run /TN "OpenClaw Gateway"
Gateway service missing.
Start with: openclaw gateway install
Start with: openclaw gateway
Start with: schtasks /Run /TN "OpenClaw Gateway"
Gateway service missing.
Start with: openclaw gateway install
Start with: openclaw gateway
Start with: schtasks /Run /TN "OpenClaw Gateway"
Gateway service missing.
Start with: openclaw gateway install
Start with: openclaw gateway
Start with: schtasks /Run /TN "OpenClaw Gateway"
Gateway service missing.
Start with: openclaw gateway install
Start with: openclaw gateway
Start with: schtasks /Run /TN "OpenClaw Gateway"
Gateway service missing.
Start with: openclaw gateway install
Start with: openclaw gateway
Start with: schtasks /Run /TN "OpenClaw Gateway"
Gateway service missing.
Start with: openclaw gateway install
Start with: openclaw gateway
Start with: schtasks /Run /TN "OpenClaw Gateway"
Gateway service missing.
Start with: openclaw gateway install
Start with: openclaw gateway
Start with: schtasks /Run /TN "OpenClaw Gateway"
Gateway service missing.
Start with: openclaw gateway install
Start with: openclaw gateway
Start with: schtasks /Run /TN "OpenClaw Gateway"
Gateway service missing.
Start with: openclaw gateway install
Start with: openclaw gateway
Start with: schtasks /Run /TN "OpenClaw Gateway"
Gateway service missing.
Start with: openclaw gateway install
Start with: openclaw gateway
Start with: schtasks /Run /TN "OpenClaw Gateway"
Gateway service missing.
Start with: openclaw gateway install
Start with: openclaw gateway
Start with: schtasks /Run /TN "OpenClaw Gateway"
Gateway service missing.
Start with: openclaw gateway install
Start with: openclaw gateway
Start with: schtasks /Run /TN "OpenClaw Gateway"
Gateway service missing.
Start with: openclaw gateway install
Start with: openclaw gateway
Start with: schtasks /Run /TN "OpenClaw Gateway"
Gateway service missing.
Start with: openclaw gateway install
Start with: openclaw gateway
Start with: schtasks /Run /TN "OpenClaw Gateway"
Gateway service missing.
Start with: openclaw gateway install
Start with: openclaw gateway
Start with: schtasks /Run /TN "OpenClaw Gateway"
Gateway service missing.
Start with: openclaw gateway install
Start with: openclaw gateway
Start with: schtasks /Run /TN "OpenClaw Gateway"
Gateway service missing.
Start with: openclaw gateway install
Start with: openclaw gateway
Start with: schtasks /Run /TN "OpenClaw Gateway"
Gateway service missing.
Start with: openclaw gateway install
Start with: openclaw gateway
Start with: schtasks /Run /TN "OpenClaw Gateway"
Gateway service missing.
Start with: openclaw gateway install
Start with: openclaw gateway
Start with: schtasks /Run /TN "OpenClaw Gateway"
Gateway service missing.
Start with: openclaw gateway install
Start with: openclaw gateway
Start with: schtasks /Run /TN "OpenClaw Gateway"
Gateway service missing.
Start with: openclaw gateway install
Start with: openclaw gateway
Start with: schtasks /Run /TN "OpenClaw Gateway"
Gateway service missing.
Start with: openclaw gateway install
Start with: openclaw gateway
Start with: schtasks /Run /TN "OpenClaw Gateway"
Gateway service missing.
Start with: openclaw gateway install
Start with: openclaw gateway
Start with: schtasks /Run /TN "OpenClaw Gateway"
Gateway service missing.
Start with: openclaw gateway install
Start with: openclaw gateway
Start with: schtasks /Run /TN "OpenClaw Gateway"
Gateway service missing.
Start with: openclaw gateway install
Start with: openclaw gateway
Start with: schtasks /Run /TN "OpenClaw Gateway"
Gateway service missing.
Start with: openclaw gateway install
Start with: openclaw gateway
Start with: schtasks /Run /TN "OpenClaw Gateway"
Gateway service missing.
Start with: openclaw gateway install
Start with: openclaw gateway
Start with: schtasks /Run /TN "OpenClaw Gateway"
Gateway service missing.
Start with: openclaw gateway install
Start with: openclaw gateway
Start with: schtasks /Run /TN "OpenClaw Gateway"
Gateway service missing.
Start with: openclaw gateway install
Start with: openclaw gateway
Start with: schtasks /Run /TN "OpenClaw Gateway"
Gateway service missing.
Start with: openclaw gateway install
Start with: openclaw gateway
Start with: schtasks /Run /TN "OpenClaw Gateway"
Gateway service missing.
Start with: openclaw gateway install
Start with: openclaw gateway
Start with: schtasks /Run /TN "OpenClaw Gateway"
Gateway service missing.
Start with: openclaw gateway install
Start with: openclaw gateway
Start with: schtasks /Run /TN "OpenClaw Gateway"
Gateway service missing.
Start with: openclaw gateway install
Start with: openclaw gateway
Start with: schtasks /Run /TN "OpenClaw Gateway"
Gateway service missing.
Start with: openclaw gateway install
Start with: openclaw gateway
Start with: schtasks /Run /TN "OpenClaw Gateway"
Gateway service missing.
Start with: openclaw gateway install
Start with: openclaw gateway
Start with: schtasks /Run /TN "OpenClaw Gateway"
Gateway service missing.
Start with: openclaw gateway install
Start with: openclaw gateway
Start with: schtasks /Run /TN "OpenClaw Gateway"
Gateway service missing.
Start with: openclaw gateway install
Start with: openclaw gateway
Start with: schtasks /Run /TN "OpenClaw Gateway"
Gateway service missing.
Start with: openclaw gateway install
Start with: openclaw gateway
Start with: schtasks /Run /TN "OpenClaw Gateway"
Gateway service missing.
Start with: openclaw gateway install
Start with: openclaw gateway
Start with: schtasks /Run /TN "OpenClaw Gateway"
Gateway service missing.
Start with: openclaw gateway install
Start with: openclaw gateway
Start with: schtasks /Run /TN "OpenClaw Gateway"
Gateway service missing.
Start with: openclaw gateway install
Start with: openclaw gateway
Start with: schtasks /Run /TN "OpenClaw Gateway"
Gateway service missing.
Start with: openclaw gateway install
Start with: openclaw gateway
Start with: schtasks /Run /TN "OpenClaw Gateway"
Gateway service missing.
Start with: openclaw gateway install
Start with: openclaw gateway
Start with: schtasks /Run /TN "OpenClaw Gateway"
Gateway service missing.
Start with: openclaw gateway install
Start with: openclaw gateway
Start with: schtasks /Run /TN "OpenClaw Gateway"
Gateway service missing.
Start with: openclaw gateway install
Start with: openclaw gateway
Start with: schtasks /Run /TN "OpenClaw Gateway"
Gateway service missing.
Start with: openclaw gateway install
Start with: openclaw gateway
Start with: schtasks /Run /TN "OpenClaw Gateway"
Gateway service missing.
Start with: openclaw gateway install
Start with: openclaw gateway
Start with: schtasks /Run /TN "OpenClaw Gateway"
Gateway service missing.
Start with: openclaw gateway install
Start with: openclaw gateway
Start with: schtasks /Run /TN "OpenClaw Gateway"
Gateway service missing.
Start with: openclaw gateway install
Start with: openclaw gateway
Start with: schtasks /Run /TN "OpenClaw Gateway"
Gateway service missing.
Start with: openclaw gateway install
Start with: openclaw gateway
Start with: schtasks /Run /TN "OpenClaw Gateway"
Gateway service missing.
Start with: openclaw gateway install
Start with: openclaw gateway
Start with: schtasks /Run /TN "OpenClaw Gateway"
Gateway service missing.
Start with: openclaw gateway install
Start with: openclaw gateway
Start with: schtasks /Run /TN "OpenClaw Gateway"
Gateway service missing.
Start with: openclaw gateway install
Start with: openclaw gateway
Start with: schtasks /Run /TN "OpenClaw Gateway"
Gateway service missing.
Start with: openclaw gateway install
Start with: openclaw gateway
Start with: schtasks /Run /TN "OpenClaw Gateway"
Gateway service missing.
Start with: openclaw gateway install
Start with: openclaw gateway
Start with: schtasks /Run /TN "OpenClaw Gateway"
Gateway service missing.
Start with: openclaw gateway install
Start with: openclaw gateway
Start with: schtasks /Run /TN "OpenClaw Gateway"
Gateway service missing.
Start with: openclaw gateway install
Start with: openclaw gateway
Start with: schtasks /Run /TN "OpenClaw Gateway"
Gateway service missing.
Start with: openclaw gateway install
Start with: openclaw gateway
Start with: schtasks /Run /TN "OpenClaw Gateway"
2026-06-12T01:31:53.810+08:00 [gateway] loading configuration…
2026-06-12T01:31:53.833+08:00 [gateway] resolving authentication…
2026-06-12T01:31:56.712+08:00 [gateway] loading configuration…
2026-06-12T01:31:56.733+08:00 [gateway] resolving authentication…
2026-06-12T01:32:01.698+08:00 [gateway] loading configuration…
2026-06-12T01:32:01.719+08:00 [gateway] resolving authentication…
2026-06-12T01:32:10.652+08:00 [gateway] loading configuration…
2026-06-12T01:32:10.673+08:00 [gateway] resolving authentication…
2026-06-12T01:32:27.623+08:00 [gateway] loading configuration…
2026-06-12T01:32:27.647+08:00 [gateway] resolving authentication…
2026-06-12T01:32:29.341+08:00 [gateway] loading configuration…
2026-06-12T01:32:29.363+08:00 [gateway] resolving authentication…
2026-06-12T01:32:32.266+08:00 [gateway] loading configuration…
2026-06-12T01:32:32.290+08:00 [gateway] resolving authentication…
