2026-05-12 04:51:37,699 [INFO] 找到 OpenClaw CLI: C:\Program Files\QClaw\resources\openclaw\config\bin\openclaw.CMD
2026-05-12 04:51:42,023 [WARNING] [2026-05-12 04:51:42] 网关异常 (1/3): 异常 (进程存活但HTTP无响应)
2026-05-13 13:50:20,145 [INFO] 找到 OpenClaw CLI: C:\Program Files\QClaw\resources\openclaw\config\bin\openclaw.CMD
2026-05-13 13:50:20,291 [INFO] [2026-05-13 13:50:20] 网关正常: 健康 (进程存活 + HTTP响应)
2026-05-13 13:51:17,822 [INFO] 找到 OpenClaw CLI: C:\Program Files\QClaw\resources\openclaw\config\bin\openclaw.CMD
2026-05-13 14:25:26,032 [INFO] 找到 OpenClaw CLI: C:\Program Files\QClaw\resources\openclaw\config\bin\openclaw.CMD
2026-05-13 14:25:26,223 [INFO] [2026-05-13 14:25:26] 网关正常: 健康 (进程存活 + HTTP响应)
2026-05-13 14:25:30,766 [INFO] 找到 OpenClaw CLI: C:\Program Files\QClaw\resources\openclaw\config\bin\openclaw.CMD
2026-05-13 14:25:30,978 [INFO] [2026-05-13 14:25:30] 网关正常: 健康 (进程存活 + HTTP响应)
2026-05-13 14:31:28,024 [INFO] 找到 OpenClaw CLI: C:\Program Files\QClaw\resources\openclaw\config\bin\openclaw.CMD
2026-05-13 14:31:28,210 [INFO] [2026-05-13 14:31:28] 网关正常: 健康 (进程存活 + HTTP响应)
2026-05-14 15:03:43,855 [INFO] 找到 OpenClaw CLI: C:\Program Files\QClaw\resources\openclaw\config\bin\openclaw.CMD
2026-05-14 15:03:44,037 [INFO] [2026-05-14 15:03:44] 网关正常: 健康 (进程存活 + HTTP响应)
2026-05-17 19:08:22,048 [INFO] 找到 OpenClaw CLI: C:\Program Files\QClaw\resources\openclaw\config\bin\openclaw.CMD
2026-05-17 19:08:22,049 [INFO] ============================================================
2026-05-17 19:08:22,049 [INFO] OpenClaw Gateway Monitor 启动
2026-05-17 19:08:22,049 [INFO] 自动重启: 禁用
2026-05-17 19:08:22,049 [INFO] 检查间隔: 60 秒
2026-05-17 19:08:22,049 [INFO] HTTP端口: 28789
2026-05-17 19:08:22,049 [INFO] 日志文件: gateway_monitor.log
2026-05-17 19:08:22,049 [INFO] ============================================================
2026-05-17 19:08:22,234 [INFO] [2026-05-17 19:08:22] 网关正常: 健康 (进程存活 + HTTP响应)
2026-05-17 19:08:59,171 [INFO] 找到 OpenClaw CLI: C:\Program Files\QClaw\resources\openclaw\config\bin\openclaw.CMD
2026-05-17 19:08:59,356 [INFO] [2026-05-17 19:08:59] 网关正常: 健康 (进程存活 + HTTP响应)
2026-05-17 19:09:22,412 [INFO] [2026-05-17 19:09:22] 网关正常: 健康 (进程存活 + HTTP响应)
2026-05-17 19:10:22,601 [INFO] [2026-05-17 19:10:22] 网关正常: 健康 (进程存活 + HTTP响应)
2026-05-17 19:11:22,767 [INFO] [2026-05-17 19:11:22] 网关正常: 健康 (进程存活 + HTTP响应)
2026-05-17 19:12:22,955 [INFO] [2026-05-17 19:12:22] 网关正常: 健康 (进程存活 + HTTP响应)
2026-05-17 19:13:23,119 [INFO] [2026-05-17 19:13:23] 网关正常: 健康 (进程存活 + HTTP响应)
2026-05-17 19:14:23,377 [INFO] [2026-05-17 19:14:23] 网关正常: 健康 (进程存活 + HTTP响应)
2026-05-17 19:15:23,574 [INFO] [2026-05-17 19:15:23] 网关正常: 健康 (进程存活 + HTTP响应)
2026-05-17 19:16:23,786 [INFO] [2026-05-17 19:16:23] 网关正常: 健康 (进程存活 + HTTP响应)
2026-05-17 19:17:23,975 [INFO] [2026-05-17 19:17:23] 网关正常: 健康 (进程存活 + HTTP响应)
2026-05-17 19:18:24,165 [INFO] [2026-05-17 19:18:24] 网关正常: 健康 (进程存活 + HTTP响应)
2026-05-17 19:19:24,321 [INFO] [2026-05-17 19:19:24] 网关正常: 健康 (进程存活 + HTTP响应)
2026-05-17 19:20:24,501 [INFO] [2026-05-17 19:20:24] 网关正常: 健康 (进程存活 + HTTP响应)
2026-05-17 19:21:24,697 [INFO] [2026-05-17 19:21:24] 网关正常: 健康 (进程存活 + HTTP响应)
2026-05-17 19:22:24,882 [INFO] [2026-05-17 19:22:24] 网关正常: 健康 (进程存活 + HTTP响应)
2026-05-17 19:23:25,047 [INFO] [2026-05-17 19:23:25] 网关正常: 健康 (进程存活 + HTTP响应)
2026-05-17 19:24:25,236 [INFO] [2026-05-17 19:24:25] 网关正常: 健康 (进程存活 + HTTP响应)
2026-05-17 19:25:25,397 [INFO] [2026-05-17 19:25:25] 网关正常: 健康 (进程存活 + HTTP响应)
2026-05-17 19:26:25,576 [INFO] [2026-05-17 19:26:25] 网关正常: 健康 (进程存活 + HTTP响应)
2026-05-17 19:27:25,753 [INFO] [2026-05-17 19:27:25] 网关正常: 健康 (进程存活 + HTTP响应)
2026-05-17 19:28:25,932 [INFO] [2026-05-17 19:28:25] 网关正常: 健康 (进程存活 + HTTP响应)
2026-05-17 19:29:26,092 [INFO] [2026-05-17 19:29:26] 网关正常: 健康 (进程存活 + HTTP响应)
2026-05-17 19:30:26,267 [INFO] [2026-05-17 19:30:26] 网关正常: 健康 (进程存活 + HTTP响应)
2026-05-17 19:31:26,429 [INFO] [2026-05-17 19:31:26] 网关正常: 健康 (进程存活 + HTTP响应)
2026-05-17 19:32:26,624 [INFO] [2026-05-17 19:32:26] 网关正常: 健康 (进程存活 + HTTP响应)
2026-05-17 19:33:26,792 [INFO] [2026-05-17 19:33:26] 网关正常: 健康 (进程存活 + HTTP响应)
2026-05-17 19:34:26,974 [INFO] [2026-05-17 19:34:26] 网关正常: 健康 (进程存活 + HTTP响应)
2026-05-17 19:35:27,141 [INFO] [2026-05-17 19:35:27] 网关正常: 健康 (进程存活 + HTTP响应)
2026-05-17 19:36:27,321 [INFO] [2026-05-17 19:36:27] 网关正常: 健康 (进程存活 + HTTP响应)
2026-05-17 19:37:27,499 [INFO] [2026-05-17 19:37:27] 网关正常: 健康 (进程存活 + HTTP响应)
2026-05-17 19:38:27,684 [INFO] [2026-05-17 19:38:27] 网关正常: 健康 (进程存活 + HTTP响应)
2026-05-17 19:39:27,852 [INFO] [2026-05-17 19:39:27] 网关正常: 健康 (进程存活 + HTTP响应)
2026-05-17 19:40:28,024 [INFO] [2026-05-17 19:40:28] 网关正常: 健康 (进程存活 + HTTP响应)
2026-05-17 19:41:28,224 [INFO] [2026-05-17 19:41:28] 网关正常: 健康 (进程存活 + HTTP响应)
2026-05-17 19:42:28,393 [INFO] [2026-05-17 19:42:28] 网关正常: 健康 (进程存活 + HTTP响应)
2026-05-17 19:43:28,556 [INFO] [2026-05-17 19:43:28] 网关正常: 健康 (进程存活 + HTTP响应)
2026-05-17 19:44:28,727 [INFO] [2026-05-17 19:44:28] 网关正常: 健康 (进程存活 + HTTP响应)
2026-05-17 19:45:28,899 [INFO] [2026-05-17 19:45:28] 网关正常: 健康 (进程存活 + HTTP响应)
2026-05-17 19:46:29,076 [INFO] [2026-05-17 19:46:29] 网关正常: 健康 (进程存活 + HTTP响应)
2026-05-17 19:47:29,247 [INFO] [2026-05-17 19:47:29] 网关正常: 健康 (进程存活 + HTTP响应)
2026-05-17 19:48:29,442 [INFO] [2026-05-17 19:48:29] 网关正常: 健康 (进程存活 + HTTP响应)
2026-05-17 19:49:29,607 [INFO] [2026-05-17 19:49:29] 网关正常: 健康 (进程存活 + HTTP响应)
2026-05-17 19:50:29,767 [INFO] [2026-05-17 19:50:29] 网关正常: 健康 (进程存活 + HTTP响应)
2026-05-17 19:51:29,937 [INFO] [2026-05-17 19:51:29] 网关正常: 健康 (进程存活 + HTTP响应)
2026-05-17 19:52:30,133 [INFO] [2026-05-17 19:52:30] 网关正常: 健康 (进程存活 + HTTP响应)
2026-05-17 19:53:30,352 [INFO] [2026-05-17 19:53:30] 网关正常: 健康 (进程存活 + HTTP响应)
2026-05-17 19:54:30,543 [INFO] [2026-05-17 19:54:30] 网关正常: 健康 (进程存活 + HTTP响应)
2026-05-17 19:55:30,719 [INFO] [2026-05-17 19:55:30] 网关正常: 健康 (进程存活 + HTTP响应)
2026-05-17 19:56:30,903 [INFO] [2026-05-17 19:56:30] 网关正常: 健康 (进程存活 + HTTP响应)
2026-05-17 19:57:31,065 [INFO] [2026-05-17 19:57:31] 网关正常: 健康 (进程存活 + HTTP响应)
2026-05-17 19:58:31,237 [INFO] [2026-05-17 19:58:31] 网关正常: 健康 (进程存活 + HTTP响应)
2026-05-17 19:59:31,418 [INFO] [2026-05-17 19:59:31] 网关正常: 健康 (进程存活 + HTTP响应)
2026-05-17 20:00:31,586 [INFO] [2026-05-17 20:00:31] 网关正常: 健康 (进程存活 + HTTP响应)
2026-05-17 20:01:31,749 [INFO] [2026-05-17 20:01:31] 网关正常: 健康 (进程存活 + HTTP响应)
2026-05-17 20:02:31,938 [INFO] [2026-05-17 20:02:31] 网关正常: 健康 (进程存活 + HTTP响应)
2026-05-17 20:03:32,104 [INFO] [2026-05-17 20:03:32] 网关正常: 健康 (进程存活 + HTTP响应)
2026-05-17 20:04:32,265 [INFO] [2026-05-17 20:04:32] 网关正常: 健康 (进程存活 + HTTP响应)
2026-05-17 20:05:32,423 [INFO] [2026-05-17 20:05:32] 网关正常: 健康 (进程存活 + HTTP响应)
2026-05-17 20:06:32,592 [INFO] [2026-05-17 20:06:32] 网关正常: 健康 (进程存活 + HTTP响应)
2026-05-17 20:07:32,788 [INFO] [2026-05-17 20:07:32] 网关正常: 健康 (进程存活 + HTTP响应)
2026-05-17 20:08:32,968 [INFO] [2026-05-17 20:08:32] 网关正常: 健康 (进程存活 + HTTP响应)
2026-05-17 20:09:33,130 [INFO] [2026-05-17 20:09:33] 网关正常: 健康 (进程存活 + HTTP响应)
2026-05-17 20:10:33,300 [INFO] [2026-05-17 20:10:33] 网关正常: 健康 (进程存活 + HTTP响应)
2026-05-17 20:11:33,461 [INFO] [2026-05-17 20:11:33] 网关正常: 健康 (进程存活 + HTTP响应)
2026-05-17 20:12:33,641 [INFO] [2026-05-17 20:12:33] 网关正常: 健康 (进程存活 + HTTP响应)
2026-05-17 20:13:33,825 [INFO] [2026-05-17 20:13:33] 网关正常: 健康 (进程存活 + HTTP响应)
2026-05-17 20:14:34,008 [INFO] [2026-05-17 20:14:34] 网关正常: 健康 (进程存活 + HTTP响应)
2026-05-17 20:15:34,176 [INFO] [2026-05-17 20:15:34] 网关正常: 健康 (进程存活 + HTTP响应)
2026-05-17 20:16:34,354 [INFO] [2026-05-17 20:16:34] 网关正常: 健康 (进程存活 + HTTP响应)
2026-05-17 20:17:34,515 [INFO] [2026-05-17 20:17:34] 网关正常: 健康 (进程存活 + HTTP响应)
2026-05-17 20:18:34,713 [INFO] [2026-05-17 20:18:34] 网关正常: 健康 (进程存活 + HTTP响应)
2026-05-17 20:19:34,892 [INFO] [2026-05-17 20:19:34] 网关正常: 健康 (进程存活 + HTTP响应)
2026-05-17 20:20:35,055 [INFO] [2026-05-17 20:20:35] 网关正常: 健康 (进程存活 + HTTP响应)
2026-05-17 20:21:35,232 [INFO] [2026-05-17 20:21:35] 网关正常: 健康 (进程存活 + HTTP响应)
2026-05-17 20:22:35,397 [INFO] [2026-05-17 20:22:35] 网关正常: 健康 (进程存活 + HTTP响应)
2026-05-17 20:23:35,576 [INFO] [2026-05-17 20:23:35] 网关正常: 健康 (进程存活 + HTTP响应)
2026-05-17 20:24:37,802 [WARNING] [2026-05-17 20:24:37] 网关异常 (1/3): 异常 (进程存活但HTTP无响应)
2026-05-17 20:25:38,023 [INFO] [2026-05-17 20:25:38] 网关恢复: 健康 (进程存活 + HTTP响应)
2026-05-17 20:26:38,193 [INFO] [2026-05-17 20:26:38] 网关正常: 健康 (进程存活 + HTTP响应)
2026-05-17 20:27:38,394 [INFO] [2026-05-17 20:27:38] 网关正常: 健康 (进程存活 + HTTP响应)
2026-05-17 20:28:38,590 [INFO] [2026-05-17 20:28:38] 网关正常: 健康 (进程存活 + HTTP响应)
2026-05-17 20:29:38,761 [INFO] [2026-05-17 20:29:38] 网关正常: 健康 (进程存活 + HTTP响应)
2026-05-17 20:30:38,966 [INFO] [2026-05-17 20:30:38] 网关正常: 健康 (进程存活 + HTTP响应)
2026-05-17 20:31:39,143 [INFO] [2026-05-17 20:31:39] 网关正常: 健康 (进程存活 + HTTP响应)
2026-05-17 20:32:39,326 [INFO] [2026-05-17 20:32:39] 网关正常: 健康 (进程存活 + HTTP响应)
2026-05-17 20:33:39,516 [INFO] [2026-05-17 20:33:39] 网关正常: 健康 (进程存活 + HTTP响应)
2026-05-17 20:34:39,702 [INFO] [2026-05-17 20:34:39] 网关正常: 健康 (进程存活 + HTTP响应)
2026-05-17 20:35:39,868 [INFO] [2026-05-17 20:35:39] 网关正常: 健康 (进程存活 + HTTP响应)
2026-05-17 20:36:40,048 [INFO] [2026-05-17 20:36:40] 网关正常: 健康 (进程存活 + HTTP响应)
2026-05-17 20:37:40,229 [INFO] [2026-05-17 20:37:40] 网关正常: 健康 (进程存活 + HTTP响应)
2026-05-17 20:38:40,391 [INFO] [2026-05-17 20:38:40] 网关正常: 健康 (进程存活 + HTTP响应)
2026-05-17 20:39:40,565 [INFO] [2026-05-17 20:39:40] 网关正常: 健康 (进程存活 + HTTP响应)
2026-05-17 20:40:40,751 [INFO] [2026-05-17 20:40:40] 网关正常: 健康 (进程存活 + HTTP响应)
2026-05-17 20:41:40,933 [INFO] [2026-05-17 20:41:40] 网关正常: 健康 (进程存活 + HTTP响应)
2026-05-17 20:42:41,109 [INFO] [2026-05-17 20:42:41] 网关正常: 健康 (进程存活 + HTTP响应)
2026-05-17 20:43:41,275 [INFO] [2026-05-17 20:43:41] 网关正常: 健康 (进程存活 + HTTP响应)
2026-05-17 20:44:41,465 [INFO] [2026-05-17 20:44:41] 网关正常: 健康 (进程存活 + HTTP响应)
2026-05-17 20:45:41,636 [INFO] [2026-05-17 20:45:41] 网关正常: 健康 (进程存活 + HTTP响应)
2026-05-17 20:46:41,801 [INFO] [2026-05-17 20:46:41] 网关正常: 健康 (进程存活 + HTTP响应)
2026-05-17 20:47:41,984 [INFO] [2026-05-17 20:47:41] 网关正常: 健康 (进程存活 + HTTP响应)
2026-05-17 20:48:42,143 [INFO] [2026-05-17 20:48:42] 网关正常: 健康 (进程存活 + HTTP响应)
2026-05-17 20:49:42,300 [INFO] [2026-05-17 20:49:42] 网关正常: 健康 (进程存活 + HTTP响应)
2026-05-17 20:50:42,457 [INFO] [2026-05-17 20:50:42] 网关正常: 健康 (进程存活 + HTTP响应)
2026-05-17 20:51:42,633 [INFO] [2026-05-17 20:51:42] 网关正常: 健康 (进程存活 + HTTP响应)
2026-05-17 20:52:42,807 [INFO] [2026-05-17 20:52:42] 网关正常: 健康 (进程存活 + HTTP响应)
2026-05-17 20:53:42,989 [INFO] [2026-05-17 20:53:42] 网关正常: 健康 (进程存活 + HTTP响应)
2026-05-17 20:54:43,166 [INFO] [2026-05-17 20:54:43] 网关正常: 健康 (进程存活 + HTTP响应)
2026-05-17 20:55:43,340 [INFO] [2026-05-17 20:55:43] 网关正常: 健康 (进程存活 + HTTP响应)
2026-05-17 20:56:43,517 [INFO] [2026-05-17 20:56:43] 网关正常: 健康 (进程存活 + HTTP响应)
2026-05-17 20:57:43,702 [INFO] [2026-05-17 20:57:43] 网关正常: 健康 (进程存活 + HTTP响应)
2026-05-17 20:58:43,876 [INFO] [2026-05-17 20:58:43] 网关正常: 健康 (进程存活 + HTTP响应)
2026-05-17 20:59:44,054 [INFO] [2026-05-17 20:59:44] 网关正常: 健康 (进程存活 + HTTP响应)
2026-05-17 21:00:44,227 [INFO] [2026-05-17 21:00:44] 网关正常: 健康 (进程存活 + HTTP响应)
2026-05-17 21:01:44,414 [INFO] [2026-05-17 21:01:44] 网关正常: 健康 (进程存活 + HTTP响应)
2026-05-17 21:02:44,576 [INFO] [2026-05-17 21:02:44] 网关正常: 健康 (进程存活 + HTTP响应)
2026-05-17 21:03:44,736 [INFO] [2026-05-17 21:03:44] 网关正常: 健康 (进程存活 + HTTP响应)
2026-05-17 21:04:44,905 [INFO] [2026-05-17 21:04:44] 网关正常: 健康 (进程存活 + HTTP响应)
2026-05-17 21:05:45,062 [INFO] [2026-05-17 21:05:45] 网关正常: 健康 (进程存活 + HTTP响应)
2026-05-17 21:06:45,233 [INFO] [2026-05-17 21:06:45] 网关正常: 健康 (进程存活 + HTTP响应)
2026-05-17 21:07:45,400 [INFO] [2026-05-17 21:07:45] 网关正常: 健康 (进程存活 + HTTP响应)
2026-05-17 21:08:45,564 [INFO] [2026-05-17 21:08:45] 网关正常: 健康 (进程存活 + HTTP响应)
2026-05-17 21:09:45,730 [INFO] [2026-05-17 21:09:45] 网关正常: 健康 (进程存活 + HTTP响应)
2026-05-17 21:10:45,898 [INFO] [2026-05-17 21:10:45] 网关正常: 健康 (进程存活 + HTTP响应)
2026-05-17 21:11:46,064 [INFO] [2026-05-17 21:11:46] 网关正常: 健康 (进程存活 + HTTP响应)
2026-05-17 21:12:46,226 [INFO] [2026-05-17 21:12:46] 网关正常: 健康 (进程存活 + HTTP响应)
2026-05-17 21:13:46,417 [INFO] [2026-05-17 21:13:46] 网关正常: 健康 (进程存活 + HTTP响应)
2026-05-17 21:14:46,629 [INFO] [2026-05-17 21:14:46] 网关正常: 健康 (进程存活 + HTTP响应)
2026-05-17 21:15:46,832 [INFO] [2026-05-17 21:15:46] 网关正常: 健康 (进程存活 + HTTP响应)
2026-05-17 21:16:47,082 [INFO] [2026-05-17 21:16:47] 网关正常: 健康 (进程存活 + HTTP响应)
2026-05-17 21:17:47,268 [INFO] [2026-05-17 21:17:47] 网关正常: 健康 (进程存活 + HTTP响应)
2026-05-17 21:18:47,460 [INFO] [2026-05-17 21:18:47] 网关正常: 健康 (进程存活 + HTTP响应)
2026-05-17 21:19:47,634 [INFO] [2026-05-17 21:19:47] 网关正常: 健康 (进程存活 + HTTP响应)
2026-05-17 21:20:47,834 [INFO] [2026-05-17 21:20:47] 网关正常: 健康 (进程存活 + HTTP响应)
2026-05-17 21:21:48,014 [INFO] [2026-05-17 21:21:48] 网关正常: 健康 (进程存活 + HTTP响应)
2026-05-17 21:22:48,217 [INFO] [2026-05-17 21:22:48] 网关正常: 健康 (进程存活 + HTTP响应)
2026-05-17 21:23:48,398 [INFO] [2026-05-17 21:23:48] 网关正常: 健康 (进程存活 + HTTP响应)
2026-05-17 21:24:48,602 [INFO] [2026-05-17 21:24:48] 网关正常: 健康 (进程存活 + HTTP响应)
2026-05-17 21:25:48,800 [INFO] [2026-05-17 21:25:48] 网关正常: 健康 (进程存活 + HTTP响应)
2026-05-17 21:26:48,988 [INFO] [2026-05-17 21:26:48] 网关正常: 健康 (进程存活 + HTTP响应)
2026-05-17 21:27:49,182 [INFO] [2026-05-17 21:27:49] 网关正常: 健康 (进程存活 + HTTP响应)
2026-05-17 21:28:49,371 [INFO] [2026-05-17 21:28:49] 网关正常: 健康 (进程存活 + HTTP响应)
2026-05-17 21:29:49,554 [INFO] [2026-05-17 21:29:49] 网关正常: 健康 (进程存活 + HTTP响应)
2026-05-17 21:30:49,767 [INFO] [2026-05-17 21:30:49] 网关正常: 健康 (进程存活 + HTTP响应)
2026-05-17 21:31:49,985 [INFO] [2026-05-17 21:31:49] 网关正常: 健康 (进程存活 + HTTP响应)
2026-05-17 21:32:50,162 [INFO] [2026-05-17 21:32:50] 网关正常: 健康 (进程存活 + HTTP响应)
2026-05-17 21:33:50,333 [INFO] [2026-05-17 21:33:50] 网关正常: 健康 (进程存活 + HTTP响应)
2026-05-17 21:34:50,511 [INFO] [2026-05-17 21:34:50] 网关正常: 健康 (进程存活 + HTTP响应)
2026-05-17 21:35:50,690 [INFO] [2026-05-17 21:35:50] 网关正常: 健康 (进程存活 + HTTP响应)
2026-05-17 21:36:50,866 [INFO] [2026-05-17 21:36:50] 网关正常: 健康 (进程存活 + HTTP响应)
2026-05-17 21:37:51,080 [INFO] [2026-05-17 21:37:51] 网关正常: 健康 (进程存活 + HTTP响应)
2026-05-17 21:38:51,256 [INFO] [2026-05-17 21:38:51] 网关正常: 健康 (进程存活 + HTTP响应)
2026-05-17 21:39:51,431 [INFO] [2026-05-17 21:39:51] 网关正常: 健康 (进程存活 + HTTP响应)
2026-05-17 21:40:51,623 [INFO] [2026-05-17 21:40:51] 网关正常: 健康 (进程存活 + HTTP响应)
2026-05-17 21:41:51,821 [INFO] [2026-05-17 21:41:51] 网关正常: 健康 (进程存活 + HTTP响应)
2026-05-17 21:42:52,020 [INFO] [2026-05-17 21:42:52] 网关正常: 健康 (进程存活 + HTTP响应)
2026-05-17 21:43:52,193 [INFO] [2026-05-17 21:43:52] 网关正常: 健康 (进程存活 + HTTP响应)
2026-05-17 21:44:52,362 [INFO] [2026-05-17 21:44:52] 网关正常: 健康 (进程存活 + HTTP响应)
2026-05-17 21:45:52,569 [INFO] [2026-05-17 21:45:52] 网关正常: 健康 (进程存活 + HTTP响应)
2026-05-17 21:46:52,748 [INFO] [2026-05-17 21:46:52] 网关正常: 健康 (进程存活 + HTTP响应)
2026-05-17 21:47:52,915 [INFO] [2026-05-17 21:47:52] 网关正常: 健康 (进程存活 + HTTP响应)
2026-05-17 21:48:53,077 [INFO] [2026-05-17 21:48:53] 网关正常: 健康 (进程存活 + HTTP响应)
2026-05-17 21:49:53,237 [INFO] [2026-05-17 21:49:53] 网关正常: 健康 (进程存活 + HTTP响应)
2026-05-17 21:50:53,404 [INFO] [2026-05-17 21:50:53] 网关正常: 健康 (进程存活 + HTTP响应)
2026-05-17 21:51:53,571 [INFO] [2026-05-17 21:51:53] 网关正常: 健康 (进程存活 + HTTP响应)
2026-05-17 21:52:53,754 [INFO] [2026-05-17 21:52:53] 网关正常: 健康 (进程存活 + HTTP响应)
2026-05-17 21:53:53,933 [INFO] [2026-05-17 21:53:53] 网关正常: 健康 (进程存活 + HTTP响应)
2026-05-17 21:54:54,128 [INFO] [2026-05-17 21:54:54] 网关正常: 健康 (进程存活 + HTTP响应)
2026-05-17 21:55:54,294 [INFO] [2026-05-17 21:55:54] 网关正常: 健康 (进程存活 + HTTP响应)
2026-05-17 21:56:54,462 [INFO] [2026-05-17 21:56:54] 网关正常: 健康 (进程存活 + HTTP响应)
2026-05-17 21:57:54,661 [INFO] [2026-05-17 21:57:54] 网关正常: 健康 (进程存活 + HTTP响应)
2026-05-17 21:58:54,835 [INFO] [2026-05-17 21:58:54] 网关正常: 健康 (进程存活 + HTTP响应)
2026-05-17 21:59:55,005 [INFO] [2026-05-17 21:59:55] 网关正常: 健康 (进程存活 + HTTP响应)
2026-05-17 22:00:55,170 [INFO] [2026-05-17 22:00:55] 网关正常: 健康 (进程存活 + HTTP响应)
2026-05-17 22:01:55,342 [INFO] [2026-05-17 22:01:55] 网关正常: 健康 (进程存活 + HTTP响应)
2026-05-17 22:02:55,515 [INFO] [2026-05-17 22:02:55] 网关正常: 健康 (进程存活 + HTTP响应)
2026-05-17 22:03:55,696 [INFO] [2026-05-17 22:03:55] 网关正常: 健康 (进程存活 + HTTP响应)
2026-05-17 22:04:55,875 [INFO] [2026-05-17 22:04:55] 网关正常: 健康 (进程存活 + HTTP响应)
2026-05-17 22:05:56,041 [INFO] [2026-05-17 22:05:56] 网关正常: 健康 (进程存活 + HTTP响应)
2026-05-17 22:06:56,210 [INFO] [2026-05-17 22:06:56] 网关正常: 健康 (进程存活 + HTTP响应)
2026-05-17 22:07:56,395 [INFO] [2026-05-17 22:07:56] 网关正常: 健康 (进程存活 + HTTP响应)
2026-05-17 22:08:56,569 [INFO] [2026-05-17 22:08:56] 网关正常: 健康 (进程存活 + HTTP响应)
2026-05-17 22:09:56,750 [INFO] [2026-05-17 22:09:56] 网关正常: 健康 (进程存活 + HTTP响应)
2026-05-17 22:10:56,953 [INFO] [2026-05-17 22:10:56] 网关正常: 健康 (进程存活 + HTTP响应)
2026-05-17 22:11:57,148 [INFO] [2026-05-17 22:11:57] 网关正常: 健康 (进程存活 + HTTP响应)
2026-05-17 22:12:57,325 [INFO] [2026-05-17 22:12:57] 网关正常: 健康 (进程存活 + HTTP响应)
2026-05-17 22:13:57,512 [INFO] [2026-05-17 22:13:57] 网关正常: 健康 (进程存活 + HTTP响应)
2026-05-17 22:14:57,690 [INFO] [2026-05-17 22:14:57] 网关正常: 健康 (进程存活 + HTTP响应)
2026-05-17 22:15:57,883 [INFO] [2026-05-17 22:15:57] 网关正常: 健康 (进程存活 + HTTP响应)
2026-05-17 22:16:58,091 [INFO] [2026-05-17 22:16:58] 网关正常: 健康 (进程存活 + HTTP响应)
2026-05-17 22:17:58,285 [INFO] [2026-05-17 22:17:58] 网关正常: 健康 (进程存活 + HTTP响应)
2026-05-17 22:18:58,463 [INFO] [2026-05-17 22:18:58] 网关正常: 健康 (进程存活 + HTTP响应)
2026-05-17 22:19:58,639 [INFO] [2026-05-17 22:19:58] 网关正常: 健康 (进程存活 + HTTP响应)
2026-05-17 22:20:58,824 [INFO] [2026-05-17 22:20:58] 网关正常: 健康 (进程存活 + HTTP响应)
2026-05-17 22:21:59,003 [INFO] [2026-05-17 22:21:59] 网关正常: 健康 (进程存活 + HTTP响应)
2026-05-17 22:22:59,191 [INFO] [2026-05-17 22:22:59] 网关正常: 健康 (进程存活 + HTTP响应)
2026-05-17 22:23:59,372 [INFO] [2026-05-17 22:23:59] 网关正常: 健康 (进程存活 + HTTP响应)
2026-05-17 22:24:59,554 [INFO] [2026-05-17 22:24:59] 网关正常: 健康 (进程存活 + HTTP响应)
2026-05-17 22:25:59,824 [INFO] [2026-05-17 22:25:59] 网关正常: 健康 (进程存活 + HTTP响应)
2026-05-17 22:27:00,004 [INFO] [2026-05-17 22:27:00] 网关正常: 健康 (进程存活 + HTTP响应)
2026-05-17 22:28:00,193 [INFO] [2026-05-17 22:28:00] 网关正常: 健康 (进程存活 + HTTP响应)
2026-05-17 22:29:00,369 [INFO] [2026-05-17 22:29:00] 网关正常: 健康 (进程存活 + HTTP响应)
2026-05-17 22:30:00,547 [INFO] [2026-05-17 22:30:00] 网关正常: 健康 (进程存活 + HTTP响应)
2026-05-17 22:31:00,724 [INFO] [2026-05-17 22:31:00] 网关正常: 健康 (进程存活 + HTTP响应)
2026-05-17 22:32:00,939 [INFO] [2026-05-17 22:32:00] 网关正常: 健康 (进程存活 + HTTP响应)
2026-05-17 22:33:01,143 [INFO] [2026-05-17 22:33:01] 网关正常: 健康 (进程存活 + HTTP响应)
2026-05-17 22:34:01,390 [INFO] [2026-05-17 22:34:01] 网关正常: 健康 (进程存活 + HTTP响应)
2026-05-17 22:35:01,606 [INFO] [2026-05-17 22:35:01] 网关正常: 健康 (进程存活 + HTTP响应)
2026-05-17 22:36:01,793 [INFO] [2026-05-17 22:36:01] 网关正常: 健康 (进程存活 + HTTP响应)
2026-05-17 22:37:01,977 [INFO] [2026-05-17 22:37:01] 网关正常: 健康 (进程存活 + HTTP响应)
2026-05-17 22:38:02,164 [INFO] [2026-05-17 22:38:02] 网关正常: 健康 (进程存活 + HTTP响应)
2026-05-17 22:39:02,342 [INFO] [2026-05-17 22:39:02] 网关正常: 健康 (进程存活 + HTTP响应)
2026-05-17 22:40:02,523 [INFO] [2026-05-17 22:40:02] 网关正常: 健康 (进程存活 + HTTP响应)
2026-05-17 22:41:02,697 [INFO] [2026-05-17 22:41:02] 网关正常: 健康 (进程存活 + HTTP响应)
2026-05-17 22:42:02,891 [INFO] [2026-05-17 22:42:02] 网关正常: 健康 (进程存活 + HTTP响应)
2026-05-17 22:43:03,123 [INFO] [2026-05-17 22:43:03] 网关正常: 健康 (进程存活 + HTTP响应)
2026-05-17 22:44:03,321 [INFO] [2026-05-17 22:44:03] 网关正常: 健康 (进程存活 + HTTP响应)
2026-05-17 22:45:03,526 [INFO] [2026-05-17 22:45:03] 网关正常: 健康 (进程存活 + HTTP响应)
2026-05-17 22:46:03,728 [INFO] [2026-05-17 22:46:03] 网关正常: 健康 (进程存活 + HTTP响应)
2026-05-17 22:47:03,908 [INFO] [2026-05-17 22:47:03] 网关正常: 健康 (进程存活 + HTTP响应)
2026-05-17 22:48:04,131 [INFO] [2026-05-17 22:48:04] 网关正常: 健康 (进程存活 + HTTP响应)
2026-05-17 22:49:04,322 [INFO] [2026-05-17 22:49:04] 网关正常: 健康 (进程存活 + HTTP响应)
2026-05-17 22:50:04,501 [INFO] [2026-05-17 22:50:04] 网关正常: 健康 (进程存活 + HTTP响应)
2026-05-17 22:51:04,731 [INFO] [2026-05-17 22:51:04] 网关正常: 健康 (进程存活 + HTTP响应)
2026-05-17 22:52:04,888 [INFO] [2026-05-17 22:52:04] 网关正常: 健康 (进程存活 + HTTP响应)
2026-05-17 22:53:05,051 [INFO] [2026-05-17 22:53:05] 网关正常: 健康 (进程存活 + HTTP响应)
2026-05-17 22:54:05,215 [INFO] [2026-05-17 22:54:05] 网关正常: 健康 (进程存活 + HTTP响应)
2026-05-17 22:55:05,351 [INFO] [2026-05-17 22:55:05] 网关正常: 健康 (进程存活 + HTTP响应)
2026-05-17 22:56:05,529 [INFO] [2026-05-17 22:56:05] 网关正常: 健康 (进程存活 + HTTP响应)
2026-05-17 22:57:05,678 [INFO] [2026-05-17 22:57:05] 网关正常: 健康 (进程存活 + HTTP响应)
2026-05-17 22:58:08,885 [INFO] [2026-05-17 22:58:08] 网关正常: 健康 (进程存活 + HTTP响应)
2026-05-17 22:59:09,064 [INFO] [2026-05-17 22:59:09] 网关正常: 健康 (进程存活 + HTTP响应)
2026-05-17 23:00:09,227 [INFO] [2026-05-17 23:00:09] 网关正常: 健康 (进程存活 + HTTP响应)
2026-05-17 23:01:09,551 [INFO] [2026-05-17 23:01:09] 网关正常: 健康 (进程存活 + HTTP响应)
2026-05-17 23:02:09,742 [INFO] [2026-05-17 23:02:09] 网关正常: 健康 (进程存活 + HTTP响应)
2026-05-17 23:03:09,934 [INFO] [2026-05-17 23:03:09] 网关正常: 健康 (进程存活 + HTTP响应)
2026-05-17 23:04:10,118 [INFO] [2026-05-17 23:04:10] 网关正常: 健康 (进程存活 + HTTP响应)
2026-05-17 23:05:10,847 [INFO] [2026-05-17 23:05:10] 网关正常: 健康 (进程存活 + HTTP响应)
2026-05-17 23:06:11,033 [INFO] [2026-05-17 23:06:11] 网关正常: 健康 (进程存活 + HTTP响应)
2026-05-17 23:07:11,202 [INFO] [2026-05-17 23:07:11] 网关正常: 健康 (进程存活 + HTTP响应)
2026-05-17 23:08:11,361 [INFO] [2026-05-17 23:08:11] 网关正常: 健康 (进程存活 + HTTP响应)
2026-05-17 23:09:11,525 [INFO] [2026-05-17 23:09:11] 网关正常: 健康 (进程存活 + HTTP响应)
2026-05-17 23:10:11,671 [INFO] [2026-05-17 23:10:11] 网关正常: 健康 (进程存活 + HTTP响应)
2026-05-17 23:11:11,867 [INFO] [2026-05-17 23:11:11] 网关正常: 健康 (进程存活 + HTTP响应)
2026-05-17 23:12:12,005 [INFO] [2026-05-17 23:12:12] 网关正常: 健康 (进程存活 + HTTP响应)
2026-05-17 23:13:12,169 [INFO] [2026-05-17 23:13:12] 网关正常: 健康 (进程存活 + HTTP响应)
2026-05-17 23:14:12,336 [INFO] [2026-05-17 23:14:12] 网关正常: 健康 (进程存活 + HTTP响应)
2026-05-17 23:15:12,474 [INFO] [2026-05-17 23:15:12] 网关正常: 健康 (进程存活 + HTTP响应)
2026-05-17 23:16:12,623 [INFO] [2026-05-17 23:16:12] 网关正常: 健康 (进程存活 + HTTP响应)
2026-05-17 23:17:12,778 [INFO] [2026-05-17 23:17:12] 网关正常: 健康 (进程存活 + HTTP响应)
2026-05-17 23:18:12,962 [INFO] [2026-05-17 23:18:12] 网关正常: 健康 (进程存活 + HTTP响应)
2026-05-17 23:19:13,142 [INFO] [2026-05-17 23:19:13] 网关正常: 健康 (进程存活 + HTTP响应)
2026-05-17 23:20:13,337 [INFO] [2026-05-17 23:20:13] 网关正常: 健康 (进程存活 + HTTP响应)
2026-05-17 23:21:13,536 [INFO] [2026-05-17 23:21:13] 网关正常: 健康 (进程存活 + HTTP响应)
2026-05-17 23:22:13,721 [INFO] [2026-05-17 23:22:13] 网关正常: 健康 (进程存活 + HTTP响应)
2026-05-17 23:23:13,903 [INFO] [2026-05-17 23:23:13] 网关正常: 健康 (进程存活 + HTTP响应)
2026-05-17 23:24:14,088 [INFO] [2026-05-17 23:24:14] 网关正常: 健康 (进程存活 + HTTP响应)
2026-05-17 23:25:14,286 [INFO] [2026-05-17 23:25:14] 网关正常: 健康 (进程存活 + HTTP响应)
2026-05-17 23:26:14,491 [INFO] [2026-05-17 23:26:14] 网关正常: 健康 (进程存活 + HTTP响应)
2026-05-17 23:27:14,706 [INFO] [2026-05-17 23:27:14] 网关正常: 健康 (进程存活 + HTTP响应)
2026-05-17 23:28:14,924 [INFO] [2026-05-17 23:28:14] 网关正常: 健康 (进程存活 + HTTP响应)
2026-05-17 23:29:15,107 [INFO] [2026-05-17 23:29:15] 网关正常: 健康 (进程存活 + HTTP响应)
2026-05-17 23:30:15,316 [INFO] [2026-05-17 23:30:15] 网关正常: 健康 (进程存活 + HTTP响应)
2026-05-17 23:31:15,505 [INFO] [2026-05-17 23:31:15] 网关正常: 健康 (进程存活 + HTTP响应)
2026-05-17 23:32:15,689 [INFO] [2026-05-17 23:32:15] 网关正常: 健康 (进程存活 + HTTP响应)
2026-05-17 23:33:15,895 [INFO] [2026-05-17 23:33:15] 网关正常: 健康 (进程存活 + HTTP响应)
2026-05-17 23:34:16,076 [INFO] [2026-05-17 23:34:16] 网关正常: 健康 (进程存活 + HTTP响应)
2026-05-17 23:35:16,256 [INFO] [2026-05-17 23:35:16] 网关正常: 健康 (进程存活 + HTTP响应)
2026-05-17 23:36:16,437 [INFO] [2026-05-17 23:36:16] 网关正常: 健康 (进程存活 + HTTP响应)
2026-05-17 23:37:16,613 [INFO] [2026-05-17 23:37:16] 网关正常: 健康 (进程存活 + HTTP响应)
2026-05-17 23:38:16,807 [INFO] [2026-05-17 23:38:16] 网关正常: 健康 (进程存活 + HTTP响应)
2026-05-17 23:39:17,003 [INFO] [2026-05-17 23:39:17] 网关正常: 健康 (进程存活 + HTTP响应)
2026-05-17 23:40:17,239 [INFO] [2026-05-17 23:40:17] 网关正常: 健康 (进程存活 + HTTP响应)
2026-05-17 23:41:17,431 [INFO] [2026-05-17 23:41:17] 网关正常: 健康 (进程存活 + HTTP响应)
2026-05-17 23:42:17,622 [INFO] [2026-05-17 23:42:17] 网关正常: 健康 (进程存活 + HTTP响应)
2026-05-17 23:43:17,820 [INFO] [2026-05-17 23:43:17] 网关正常: 健康 (进程存活 + HTTP响应)
2026-05-17 23:44:18,011 [INFO] [2026-05-17 23:44:18] 网关正常: 健康 (进程存活 + HTTP响应)
2026-05-17 23:45:18,270 [INFO] [2026-05-17 23:45:18] 网关正常: 健康 (进程存活 + HTTP响应)
2026-05-17 23:46:19,983 [INFO] [2026-05-17 23:46:19] 网关正常: 健康 (进程存活 + HTTP响应)
2026-05-17 23:47:20,895 [INFO] [2026-05-17 23:47:20] 网关正常: 健康 (进程存活 + HTTP响应)
2026-05-17 23:48:21,149 [INFO] [2026-05-17 23:48:21] 网关正常: 健康 (进程存活 + HTTP响应)
2026-05-17 23:49:27,609 [INFO] [2026-05-17 23:49:27] 网关正常: 健康 (进程存活 + HTTP响应)
2026-05-17 23:50:27,818 [INFO] [2026-05-17 23:50:27] 网关正常: 健康 (进程存活 + HTTP响应)
2026-05-17 23:51:30,274 [INFO] [2026-05-17 23:51:30] 网关正常: 健康 (进程存活 + HTTP响应)
2026-05-17 23:52:32,245 [INFO] [2026-05-17 23:52:32] 网关正常: 健康 (进程存活 + HTTP响应)
2026-05-17 23:53:32,429 [INFO] [2026-05-17 23:53:32] 网关正常: 健康 (进程存活 + HTTP响应)
2026-05-17 23:54:33,614 [INFO] [2026-05-17 23:54:33] 网关正常: 健康 (进程存活 + HTTP响应)
2026-05-17 23:55:45,371 [INFO] [2026-05-17 23:55:45] 网关正常: 健康 (进程存活 + HTTP响应)
2026-05-17 23:56:58,305 [INFO] [2026-05-17 23:56:58] 网关正常: 健康 (进程存活 + HTTP响应)
2026-05-17 23:57:59,614 [INFO] [2026-05-17 23:57:59] 网关正常: 健康 (进程存活 + HTTP响应)
2026-05-17 23:59:02,957 [INFO] [2026-05-17 23:59:02] 网关正常: 健康 (进程存活 + HTTP响应)
2026-05-18 00:00:03,169 [INFO] [2026-05-18 00:00:03] 网关正常: 健康 (进程存活 + HTTP响应)
2026-05-18 00:01:03,367 [INFO] [2026-05-18 00:01:03] 网关正常: 健康 (进程存活 + HTTP响应)
2026-05-18 00:02:04,550 [INFO] [2026-05-18 00:02:04] 网关正常: 健康 (进程存活 + HTTP响应)
2026-05-18 00:03:04,730 [INFO] [2026-05-18 00:03:04] 网关正常: 健康 (进程存活 + HTTP响应)
2026-05-18 00:04:04,975 [INFO] [2026-05-18 00:04:04] 网关正常: 健康 (进程存活 + HTTP响应)
2026-05-18 00:05:05,693 [INFO] [2026-05-18 00:05:05] 网关正常: 健康 (进程存活 + HTTP响应)
2026-05-18 00:06:05,885 [INFO] [2026-05-18 00:06:05] 网关正常: 健康 (进程存活 + HTTP响应)
2026-05-18 00:07:08,093 [INFO] [2026-05-18 00:07:08] 网关正常: 健康 (进程存活 + HTTP响应)
2026-05-18 00:08:13,507 [INFO] [2026-05-18 00:08:13] 网关正常: 健康 (进程存活 + HTTP响应)
2026-05-18 00:09:13,688 [INFO] [2026-05-18 00:09:13] 网关正常: 健康 (进程存活 + HTTP响应)
2026-05-18 00:10:15,483 [INFO] [2026-05-18 00:10:15] 网关正常: 健康 (进程存活 + HTTP响应)
2026-05-18 00:11:19,874 [INFO] [2026-05-18 00:11:19] 网关正常: 健康 (进程存活 + HTTP响应)
2026-05-18 00:12:20,092 [INFO] [2026-05-18 00:12:20] 网关正常: 健康 (进程存活 + HTTP响应)
2026-05-18 00:13:20,278 [INFO] [2026-05-18 00:13:20] 网关正常: 健康 (进程存活 + HTTP响应)
2026-05-18 00:14:20,498 [INFO] [2026-05-18 00:14:20] 网关正常: 健康 (进程存活 + HTTP响应)
2026-05-18 00:15:20,677 [INFO] [2026-05-18 00:15:20] 网关正常: 健康 (进程存活 + HTTP响应)
2026-05-18 00:16:20,882 [INFO] [2026-05-18 00:16:20] 网关正常: 健康 (进程存活 + HTTP响应)
2026-05-18 00:17:21,079 [INFO] [2026-05-18 00:17:21] 网关正常: 健康 (进程存活 + HTTP响应)
2026-05-18 00:18:25,746 [INFO] [2026-05-18 00:18:25] 网关正常: 健康 (进程存活 + HTTP响应)
2026-05-18 00:19:26,012 [INFO] [2026-05-18 00:19:26] 网关正常: 健康 (进程存活 + HTTP响应)
2026-05-18 00:20:26,221 [INFO] [2026-05-18 00:20:26] 网关正常: 健康 (进程存活 + HTTP响应)
2026-05-18 00:21:26,412 [INFO] [2026-05-18 00:21:26] 网关正常: 健康 (进程存活 + HTTP响应)
2026-05-18 00:22:28,209 [INFO] [2026-05-18 00:22:28] 网关正常: 健康 (进程存活 + HTTP响应)
2026-05-18 00:23:28,405 [INFO] [2026-05-18 00:23:28] 网关正常: 健康 (进程存活 + HTTP响应)
2026-05-18 00:24:28,581 [INFO] [2026-05-18 00:24:28] 网关正常: 健康 (进程存活 + HTTP响应)
2026-05-18 00:25:28,760 [INFO] [2026-05-18 00:25:28] 网关正常: 健康 (进程存活 + HTTP响应)
2026-05-18 00:26:28,951 [INFO] [2026-05-18 00:26:28] 网关正常: 健康 (进程存活 + HTTP响应)
2026-05-18 00:27:29,153 [INFO] [2026-05-18 00:27:29] 网关正常: 健康 (进程存活 + HTTP响应)
2026-05-18 00:28:29,332 [INFO] [2026-05-18 00:28:29] 网关正常: 健康 (进程存活 + HTTP响应)
2026-05-18 00:29:29,508 [INFO] [2026-05-18 00:29:29] 网关正常: 健康 (进程存活 + HTTP响应)
2026-05-18 00:30:29,702 [INFO] [2026-05-18 00:30:29] 网关正常: 健康 (进程存活 + HTTP响应)
2026-05-18 00:31:29,884 [INFO] [2026-05-18 00:31:29] 网关正常: 健康 (进程存活 + HTTP响应)
2026-05-18 00:32:30,085 [INFO] [2026-05-18 00:32:30] 网关正常: 健康 (进程存活 + HTTP响应)
2026-05-18 00:33:30,272 [INFO] [2026-05-18 00:33:30] 网关正常: 健康 (进程存活 + HTTP响应)
2026-05-18 00:34:30,475 [INFO] [2026-05-18 00:34:30] 网关正常: 健康 (进程存活 + HTTP响应)
2026-05-18 00:35:30,691 [INFO] [2026-05-18 00:35:30] 网关正常: 健康 (进程存活 + HTTP响应)
2026-05-18 00:36:30,889 [INFO] [2026-05-18 00:36:30] 网关正常: 健康 (进程存活 + HTTP响应)
2026-05-18 00:37:31,094 [INFO] [2026-05-18 00:37:31] 网关正常: 健康 (进程存活 + HTTP响应)
2026-05-18 00:38:31,275 [INFO] [2026-05-18 00:38:31] 网关正常: 健康 (进程存活 + HTTP响应)
2026-05-18 00:39:31,507 [INFO] [2026-05-18 00:39:31] 网关正常: 健康 (进程存活 + HTTP响应)
2026-05-18 00:40:31,682 [INFO] [2026-05-18 00:40:31] 网关正常: 健康 (进程存活 + HTTP响应)
2026-05-18 00:41:31,879 [INFO] [2026-05-18 00:41:31] 网关正常: 健康 (进程存活 + HTTP响应)
2026-05-18 00:42:32,085 [INFO] [2026-05-18 00:42:32] 网关正常: 健康 (进程存活 + HTTP响应)
2026-05-18 00:43:32,275 [INFO] [2026-05-18 00:43:32] 网关正常: 健康 (进程存活 + HTTP响应)
2026-05-18 00:44:32,452 [INFO] [2026-05-18 00:44:32] 网关正常: 健康 (进程存活 + HTTP响应)
2026-05-18 00:45:32,757 [INFO] [2026-05-18 00:45:32] 网关正常: 健康 (进程存活 + HTTP响应)
2026-05-18 00:46:32,935 [INFO] [2026-05-18 00:46:32] 网关正常: 健康 (进程存活 + HTTP响应)
2026-05-18 00:47:33,119 [INFO] [2026-05-18 00:47:33] 网关正常: 健康 (进程存活 + HTTP响应)
2026-05-18 00:48:33,296 [INFO] [2026-05-18 00:48:33] 网关正常: 健康 (进程存活 + HTTP响应)
2026-05-18 00:49:33,472 [INFO] [2026-05-18 00:49:33] 网关正常: 健康 (进程存活 + HTTP响应)
2026-05-18 00:50:33,660 [INFO] [2026-05-18 00:50:33] 网关正常: 健康 (进程存活 + HTTP响应)
2026-05-18 00:51:33,836 [INFO] [2026-05-18 00:51:33] 网关正常: 健康 (进程存活 + HTTP响应)
2026-05-18 00:52:34,036 [INFO] [2026-05-18 00:52:34] 网关正常: 健康 (进程存活 + HTTP响应)
2026-05-18 00:53:34,256 [INFO] [2026-05-18 00:53:34] 网关正常: 健康 (进程存活 + HTTP响应)
2026-05-18 00:54:34,439 [INFO] [2026-05-18 00:54:34] 网关正常: 健康 (进程存活 + HTTP响应)
2026-05-18 00:55:34,638 [INFO] [2026-05-18 00:55:34] 网关正常: 健康 (进程存活 + HTTP响应)
2026-05-18 00:56:34,827 [INFO] [2026-05-18 00:56:34] 网关正常: 健康 (进程存活 + HTTP响应)
2026-05-18 00:57:35,008 [INFO] [2026-05-18 00:57:35] 网关正常: 健康 (进程存活 + HTTP响应)
2026-05-18 00:58:35,184 [INFO] [2026-05-18 00:58:35] 网关正常: 健康 (进程存活 + HTTP响应)
2026-05-18 00:59:35,363 [INFO] [2026-05-18 00:59:35] 网关正常: 健康 (进程存活 + HTTP响应)
2026-05-18 01:00:35,552 [INFO] [2026-05-18 01:00:35] 网关正常: 健康 (进程存活 + HTTP响应)
2026-05-18 01:01:35,730 [INFO] [2026-05-18 01:01:35] 网关正常: 健康 (进程存活 + HTTP响应)
2026-05-18 01:02:35,928 [INFO] [2026-05-18 01:02:35] 网关正常: 健康 (进程存活 + HTTP响应)
2026-05-18 01:03:36,109 [INFO] [2026-05-18 01:03:36] 网关正常: 健康 (进程存活 + HTTP响应)
2026-05-18 01:04:36,287 [INFO] [2026-05-18 01:04:36] 网关正常: 健康 (进程存活 + HTTP响应)
2026-05-18 01:05:36,477 [INFO] [2026-05-18 01:05:36] 网关正常: 健康 (进程存活 + HTTP响应)
2026-05-18 01:06:36,679 [INFO] [2026-05-18 01:06:36] 网关正常: 健康 (进程存活 + HTTP响应)
2026-05-18 01:07:36,851 [INFO] [2026-05-18 01:07:36] 网关正常: 健康 (进程存活 + HTTP响应)
2026-05-18 01:08:37,023 [INFO] [2026-05-18 01:08:37] 网关正常: 健康 (进程存活 + HTTP响应)
2026-05-18 01:09:37,199 [INFO] [2026-05-18 01:09:37] 网关正常: 健康 (进程存活 + HTTP响应)
2026-05-18 01:10:37,381 [INFO] [2026-05-18 01:10:37] 网关正常: 健康 (进程存活 + HTTP响应)
2026-05-18 01:11:37,568 [INFO] [2026-05-18 01:11:37] 网关正常: 健康 (进程存活 + HTTP响应)
2026-05-18 01:12:37,754 [INFO] [2026-05-18 01:12:37] 网关正常: 健康 (进程存活 + HTTP响应)
2026-05-18 01:13:37,933 [INFO] [2026-05-18 01:13:37] 网关正常: 健康 (进程存活 + HTTP响应)
2026-05-18 01:14:38,122 [INFO] [2026-05-18 01:14:38] 网关正常: 健康 (进程存活 + HTTP响应)
2026-05-18 01:15:38,318 [INFO] [2026-05-18 01:15:38] 网关正常: 健康 (进程存活 + HTTP响应)
2026-05-18 01:16:38,492 [INFO] [2026-05-18 01:16:38] 网关正常: 健康 (进程存活 + HTTP响应)
2026-05-18 01:17:38,695 [INFO] [2026-05-18 01:17:38] 网关正常: 健康 (进程存活 + HTTP响应)
2026-05-18 01:18:38,867 [INFO] [2026-05-18 01:18:38] 网关正常: 健康 (进程存活 + HTTP响应)
2026-05-18 01:19:39,055 [INFO] [2026-05-18 01:19:39] 网关正常: 健康 (进程存活 + HTTP响应)
2026-05-18 01:20:39,232 [INFO] [2026-05-18 01:20:39] 网关正常: 健康 (进程存活 + HTTP响应)
2026-05-18 01:21:39,398 [INFO] [2026-05-18 01:21:39] 网关正常: 健康 (进程存活 + HTTP响应)
2026-05-18 01:22:39,590 [INFO] [2026-05-18 01:22:39] 网关正常: 健康 (进程存活 + HTTP响应)
2026-05-18 01:23:39,754 [INFO] [2026-05-18 01:23:39] 网关正常: 健康 (进程存活 + HTTP响应)
2026-05-18 01:24:39,956 [INFO] [2026-05-18 01:24:39] 网关正常: 健康 (进程存活 + HTTP响应)
2026-05-18 01:25:40,136 [INFO] [2026-05-18 01:25:40] 网关正常: 健康 (进程存活 + HTTP响应)
2026-05-18 01:26:40,316 [INFO] [2026-05-18 01:26:40] 网关正常: 健康 (进程存活 + HTTP响应)
2026-05-18 01:27:40,522 [INFO] [2026-05-18 01:27:40] 网关正常: 健康 (进程存活 + HTTP响应)
2026-05-18 01:28:40,695 [INFO] [2026-05-18 01:28:40] 网关正常: 健康 (进程存活 + HTTP响应)
2026-05-18 01:29:40,909 [INFO] [2026-05-18 01:29:40] 网关正常: 健康 (进程存活 + HTTP响应)
2026-05-18 01:30:41,086 [INFO] [2026-05-18 01:30:41] 网关正常: 健康 (进程存活 + HTTP响应)
2026-05-18 01:31:41,261 [INFO] [2026-05-18 01:31:41] 网关正常: 健康 (进程存活 + HTTP响应)
2026-05-18 01:32:41,440 [INFO] [2026-05-18 01:32:41] 网关正常: 健康 (进程存活 + HTTP响应)
2026-05-18 01:33:41,641 [INFO] [2026-05-18 01:33:41] 网关正常: 健康 (进程存活 + HTTP响应)
2026-05-18 01:34:41,848 [INFO] [2026-05-18 01:34:41] 网关正常: 健康 (进程存活 + HTTP响应)
2026-05-18 01:35:42,029 [INFO] [2026-05-18 01:35:42] 网关正常: 健康 (进程存活 + HTTP响应)
2026-05-18 01:36:42,196 [INFO] [2026-05-18 01:36:42] 网关正常: 健康 (进程存活 + HTTP响应)
2026-05-18 01:37:42,372 [INFO] [2026-05-18 01:37:42] 网关正常: 健康 (进程存活 + HTTP响应)
2026-05-18 01:38:42,564 [INFO] [2026-05-18 01:38:42] 网关正常: 健康 (进程存活 + HTTP响应)
2026-05-18 01:39:42,759 [INFO] [2026-05-18 01:39:42] 网关正常: 健康 (进程存活 + HTTP响应)
2026-05-18 01:40:42,940 [INFO] [2026-05-18 01:40:42] 网关正常: 健康 (进程存活 + HTTP响应)
2026-05-18 01:41:43,152 [INFO] [2026-05-18 01:41:43] 网关正常: 健康 (进程存活 + HTTP响应)
2026-05-18 01:42:43,364 [INFO] [2026-05-18 01:42:43] 网关正常: 健康 (进程存活 + HTTP响应)
2026-05-18 01:43:43,539 [INFO] [2026-05-18 01:43:43] 网关正常: 健康 (进程存活 + HTTP响应)
2026-05-18 01:44:43,713 [INFO] [2026-05-18 01:44:43] 网关正常: 健康 (进程存活 + HTTP响应)
2026-05-18 01:45:43,889 [INFO] [2026-05-18 01:45:43] 网关正常: 健康 (进程存活 + HTTP响应)
2026-05-18 01:46:44,068 [INFO] [2026-05-18 01:46:44] 网关正常: 健康 (进程存活 + HTTP响应)
2026-05-18 01:47:44,241 [INFO] [2026-05-18 01:47:44] 网关正常: 健康 (进程存活 + HTTP响应)
2026-05-18 01:48:44,426 [INFO] [2026-05-18 01:48:44] 网关正常: 健康 (进程存活 + HTTP响应)
2026-05-18 01:49:44,626 [INFO] [2026-05-18 01:49:44] 网关正常: 健康 (进程存活 + HTTP响应)
2026-05-18 01:50:44,814 [INFO] [2026-05-18 01:50:44] 网关正常: 健康 (进程存活 + HTTP响应)
2026-05-18 01:51:44,996 [INFO] [2026-05-18 01:51:44] 网关正常: 健康 (进程存活 + HTTP响应)
2026-05-18 01:52:45,173 [INFO] [2026-05-18 01:52:45] 网关正常: 健康 (进程存活 + HTTP响应)
2026-05-18 01:53:45,352 [INFO] [2026-05-18 01:53:45] 网关正常: 健康 (进程存活 + HTTP响应)
2026-05-18 01:54:45,559 [INFO] [2026-05-18 01:54:45] 网关正常: 健康 (进程存活 + HTTP响应)
2026-05-18 01:55:45,575 [WARNING] [2026-05-18 01:55:45] 网关异常 (1/3): 异常 (进程未找到但HTTP响应)
